// Jest Snapshot v1, https://goo.gl/fbAQLP

exports[`testing doc snippets allocate-party.ts 1`] = `"my-wallet-1::122078180903ec6fe58fe30bec7380b351fde137d86eeaea837f6d379a86a8039885"`;

exports[`testing doc snippets create-key-pair.ts 1`] = `
{
  "privateKey": "oQ+sEiZeiBtPrhneCtlceaW6th6M6jyg1xQroaTiQP77kTpxzDN5irQITKNKghA00Wry/fXEJ9UKb4/FJfJTGw==",
  "publicKey": "+5E6ccwzeYq0CEyjSoIQNNFq8v31xCfVCm+PxSXyUxs=",
}
`;

exports[`testing doc snippets generate-fingerprint.ts 1`] = `"1220dd3caa6464d2ba93b1fb195ede9344d54a0e17405d9331e91ceea27f07d414f7"`;
